src/components/ui/ResumeForm.tsx(3,16): error TS6133: 'Mail' is declared but its value is never read.
src/components/ui/ResumeForm.tsx(3,22): error TS6133: 'Phone' is declared but its value is never read.
src/components/ui/ResumeForm.tsx(3,29): error TS6133: 'MapPin' is declared but its value is never read.
src/dashboard/Dashboard.tsx(8,24): error TS6133: 'LineChart' is declared but its value is never read.
src/dashboard/Dashboard.tsx(8,35): error TS6133: 'Line' is declared but its value is never read.
src/dashboard/Dashboard.tsx(195,43): error TS6133: 'entry' is declared but its value is never read.
src/pages/pdfbuilder/Pdfbuilder.tsx(3,10): error TS6133: 'Sparkles' is declared but its value is never read.
src/pages/pdfbuilder/Pdfbuilder.tsx(3,45): error TS6133: 'Zap' is declared but its value is never read.
src/pages/pdfbuilder/Pdfbuilder.tsx(3,50): error TS6133: 'Shield' is declared but its value is never read.
src/pages/pdfbuilder/Pdfbuilder.tsx(3,58): error TS6133: 'ArrowRight' is declared but its value is never read.
src/pages/pdfbuilder/Pdfbuilder.tsx(3,70): error TS6133: 'Clock' is declared but its value is never read.
src/pages/pdfbuilder/Pdfbuilder.tsx(87,8): error TS6133: 'addEducation' is declared but its value is never read.
src/pages/pdfbuilder/Pdfbuilder.tsx(90,8): error TS6133: 'updateEducation' is declared but its value is never read.
src/pages/pdfbuilder/Pdfbuilder.tsx(93,8): error TS6133: 'removeEducation' is declared but its value is never read.
src/pages/pdfbuilder/Pdfbuilder.tsx(97,8): error TS6133: 'addProject' is declared but its value is never read.
src/pages/pdfbuilder/Pdfbuilder.tsx(100,8): error TS6133: 'updateProject' is declared but its value is never read.
src/pages/pdfbuilder/Pdfbuilder.tsx(103,8): error TS6133: 'removeProject' is declared but its value is never read.
src/pages/pdfbuilder/Pdfbuilder.tsx(106,8): error TS6133: 'updateSkills' is declared but its value is never read.
src/pages/pdfbuilder/Pdfbuilder.tsx(118,51): error TS6133: 'Icon' is declared but its value is never read.
src/pages/pdfbuilder/PdftoWeb/Pdf2web.tsx(4,38): error TS6133: 'ArrowRight' is declared but its value is never read.
src/pages/pdfbuilder/ResumeBuilder/ResumeWebsite.tsx(5,51): error TS6133: 'ArrowRight' is declared but its value is never read.
src/pages/pdfbuilder/ResumeBuilder/ResumeWebsite.tsx(5,63): error TS6133: 'Shield' is declared but its value is never read.
src/pages/pdfbuilder/ResumeBuilder/ResumeWebsite.tsx(5,71): error TS6133: 'Zap' is declared but its value is never read.
src/pages/pdfbuilder/ResumeBuilder/ResumeWebsite.tsx(207,124): error TS2339: Property 'personalInfo' does not exist on type 'Resume'.
